P13_PREFLIGHT_DIAGNOSTIC_TRAP=ARMED
P13_PREFLIGHT_HEAD=ecc24f563d43d4b1768a00554aa0d7d4f22f8f3e
P13_PREFLIGHT_TREE=d006c12e6fb45383fe0b680894964707201a32c3
P13_HOLDER_PRESENT=true
P13_HOLDER_SHA256=72003a5ed4405858401976e04d7da825ec3214eaf99d1d02ee7e2d6946babd22
P13_HOLDER_OWNER=root
P13_REAL_WRAPPER_HOLDER_BIND=PASS
P13_REAL_WRAPPER_PRESENT=true
P13_REAL_WRAPPER_SHA256=c6c5deda9ec4004c7104046517d9f135e43c588f9cc91c6dbfa24d1bb456c80d
P13_REAL_WRAPPER_MODE=700
P13_REAL_WRAPPER_OWNER=root
P13_PAYLOAD_PRESENT=true
P13_PAYLOAD_SHA256=0d0159f9cc562c1c67bc362b192a30d3fabd634b2b92c3a96d8f318ecd842832
P13_PAYLOAD_MODE=600
P13_PAYLOAD_BUNDLE_VALID=true
P13_REAL_ADAPTER_BOUND_HEAD=verified
P13_REAL_ADAPTER_CONSTRUCTED=true
P13_REAL_WRAPPER_PRESENT=true
P13_REAL_WRAPPER_SHA256=c6c5deda9ec4004c7104046517d9f135e43c588f9cc91c6dbfa24d1bb456c80d
P13_REAL_ADAPTER_DRY_INIT=PASS
P13_REAL_ADAPTER_DRY_INIT=PASS
ACTUATION_TRANSPORT_IMPLEMENTED=true
P13_AUDIT_APPEND_FSYNC_REOPEN=PASS
AUDIT_SINK_VERIFIED=PASS
P13_AUDIT_DURABILITY_PROOF=PASS
AUDIT_SINK_VERIFIED=PASS
P13_CONFLICTING_PROCESS=false
P13_PYTHON_ONE_SHOT_SOURCE=PASS
P13_WRAPPER_SINGLE_EXEC=PASS
P13_ONE_SHOT_SOURCE_CONTRACT=PASS
P13_RETRY_SURFACE_DETECTED=false
STATIC_SAFETY_CHECK=PASS
NETWORK_IMPORTS_PRESENT=false
COMELIT_ENDPOINTS_PRESENT=false
SOURCE_FILES_SCANNED=25
P13_STATIC_SAFETY=PASS
P13_RUNTIME_RELEVANT_UNIT_SUITE=PASS
P13_FULL_REPOSITORY_UNIT_SUITE_SOURCE=GITHUB_CI_EXACT_HEAD
P13_CONTRACT_VALIDATION=PASS
P13_PREFLIGHT_LAST_STEP=COMPLETE
P13_NON_ACTUATING_PREFLIGHT=PASS
READONLY_TRANSPORT_READY=true
P13_ONE_SHOT_MAX_INVOCATIONS=1
P13_AUTO_RETRY_ALLOWED=false
P13_TARGET_BINDING_REQUIRED=true
P13_PHYSICAL_EFFECT_ASSERTED=false
EXPLICIT_LIVE_TEST_APPROVAL=false
LIVE_TEST_READY=false
P13_ACTUATOR_COMMAND_ATTEMPTED=false
PHYSICAL_DOOR_ACTION=false
PHYSICAL_EFFECT_ASSERTED=false
P13_PREFLIGHT_EXIT_RC=0
P13_PREFLIGHT_LAST_STEP=COMPLETE
